==== SLURM JOB INFO ====
JobID: 13569
Node: ensta-l40s02.r2.enst.fr
GPUs: N/A
========================
Running testbench with train-together, categories: bottle, cable, capsule, model: patchcore, num-images: 20, limit-train-per-cat: 200
GPU detected: NVIDIA L40S
================================================================================
ANOMALY DETECTION TESTBENCH (TRAIN TOGETHER)
================================================================================
Train-together categories: bottle, cable, capsule
Models: patchcore
Test images per category: 20
Limit train images per category: 200
Output file: mvtec_results_train_together.csv
Mode: Overwrite
Accelerator: auto
================================================================================

========================================
MODEL (train once): patchcore
========================================
MVTec AD dataset already exists at /home/ensta/ensta-maria-fernanda.pereira/anomaly_detection/MVTecAD
  Training patchcore on concatenated TRAIN set...
┏━━━┳━━━━━━━━━━━━━━━━┳━━━━━━━━━━━━━━━━┳━━━━━━━━┳━━━━━━━┳━━━━━━━┓
┃   ┃ Name           ┃ Type           ┃ Params ┃ Mode  ┃ FLOPs ┃
┡━━━╇━━━━━━━━━━━━━━━━╇━━━━━━━━━━━━━━━━╇━━━━━━━━╇━━━━━━━╇━━━━━━━┩
│ 0 │ pre_processor  │ PreProcessor   │      0 │ train │     0 │
│ 1 │ post_processor │ PostProcessor  │      0 │ train │     0 │
│ 2 │ evaluator      │ Evaluator      │      0 │ train │     0 │
│ 3 │ model          │ PatchcoreModel │ 24.9 M │ train │     0 │
└───┴────────────────┴────────────────┴────────┴───────┴───────┘
Trainable params: 24.9 M                                                        
Non-trainable params: 0                                                         
Total params: 24.9 M                                                            
Total estimated model params size (MB): 99                                      
Modules in train mode: 19                                                       
Modules in eval mode: 174                                                       
Total FLOPs: 0                                                                  
Epoch 0/0  ━━━━━━━━━━━━━━━━━━━━━━━━━━━━━━━━━━ 19/19 0:00:22 • 0:00:00 0.87it/s 
  Training completed in 4m 28.20s

--- Test category: bottle ---
MVTec AD category 'bottle' already exists at /home/ensta/ensta-maria-fernanda.pereira/anomaly_detection/MVTecAD
┏━━━━━━━━━━━━━━━━━━━━━━━━━━━┳━━━━━━━━━━━━━━━━━━━━━━━━━━━┓
┃        Test metric        ┃       DataLoader 0        ┃
┡━━━━━━━━━━━━━━━━━━━━━━━━━━━╇━━━━━━━━━━━━━━━━━━━━━━━━━━━┩
│        image_AUROC        │            0.0            │
│       image_F1Score       │            1.0            │
│        pixel_AUROC        │    0.9829667210578918     │
│       pixel_F1Score       │    0.7894636988639832     │
└───────────────────────────┴───────────────────────────┘
Testing ━━━━━━━━━━━━━━━━━━━━━━━━━━━━━━━━━━━━━━━ 2/2 0:00:01 • 0:00:00 0.92it/s 

--- Test category: cable ---
MVTec AD category 'cable' already exists at /home/ensta/ensta-maria-fernanda.pereira/anomaly_detection/MVTecAD
┏━━━━━━━━━━━━━━━━━━━━━━━━━━━┳━━━━━━━━━━━━━━━━━━━━━━━━━━━┓
┃        Test metric        ┃       DataLoader 0        ┃
┡━━━━━━━━━━━━━━━━━━━━━━━━━━━╇━━━━━━━━━━━━━━━━━━━━━━━━━━━┩
│        image_AUROC        │            0.0            │
│       image_F1Score       │            1.0            │
│        pixel_AUROC        │    0.9559276103973389     │
│       pixel_F1Score       │    0.47865402698516846    │
└───────────────────────────┴───────────────────────────┘
Testing ━━━━━━━━━━━━━━━━━━━━━━━━━━━━━━━━━━━━━━━ 2/2 0:00:01 • 0:00:00 0.66it/s 

--- Test category: capsule ---
MVTec AD category 'capsule' already exists at /home/ensta/ensta-maria-fernanda.pereira/anomaly_detection/MVTecAD
┏━━━━━━━━━━━━━━━━━━━━━━━━━━━┳━━━━━━━━━━━━━━━━━━━━━━━━━━━┓
┃        Test metric        ┃       DataLoader 0        ┃
┡━━━━━━━━━━━━━━━━━━━━━━━━━━━╇━━━━━━━━━━━━━━━━━━━━━━━━━━━┩
│        image_AUROC        │            0.0            │
│       image_F1Score       │            1.0            │
│        pixel_AUROC        │    0.9888619184494019     │
│       pixel_F1Score       │     0.42116779088974      │
└───────────────────────────┴───────────────────────────┘
Testing ━━━━━━━━━━━━━━━━━━━━━━━━━━━━━━━━━━━━━━━ 2/2 0:00:01 • 0:00:00 0.58it/s 

================================================================================
BENCHMARK SUMMARY
================================================================================

bottle - patchcore:
  Image AUROC: N/A
  Pixel AUROC: 0.9830
  F1 Score: 1.0000
  Train Time: 4m 28.20s
  Inference Time: 2.39s
  Inference FPS: 8.38
  Peak GPU Memory: 8.55 GB
  Peak CPU Memory: 2.29 GB

cable - patchcore:
  Image AUROC: N/A
  Pixel AUROC: 0.9559
  F1 Score: 1.0000
  Train Time: 4m 28.20s
  Inference Time: 2.74s
  Inference FPS: 7.29
  Peak GPU Memory: 8.11 GB
  Peak CPU Memory: 2.29 GB

capsule - patchcore:
  Image AUROC: N/A
  Pixel AUROC: 0.9889
  F1 Score: 1.0000
  Train Time: 4m 28.20s
  Inference Time: 3.02s
  Inference FPS: 6.63
  Peak GPU Memory: 8.11 GB
  Peak CPU Memory: 2.29 GB

================================================================================
GLOBAL AVERAGES
================================================================================
  Average Image AUROC: N/A
  Average Pixel AUROC: 0.9759
  Average F1 Score: 1.0000
  Average Train Time: 4m 28.20s
  Average Inference Time: 2.72s
  Average Inference FPS: 7.43
  Average Peak GPU Memory: 8.26 GB
  Average Peak CPU Memory: 2.29 GB

Results saved to: mvtec_results_train_together.csv
Done.
