==== SLURM JOB INFO ====
JobID: 13573
Node: ensta-l40s02.r2.enst.fr
GPUs: N/A
========================
Running testbench with train-together, with all categories and all models
GPU detected: NVIDIA L40S
================================================================================
ANOMALY DETECTION TESTBENCH (TRAIN TOGETHER)
================================================================================
Train-together categories: bottle, cable, capsule, carpet, grid, hazelnut, leather, metal_nut, pill, screw, tile, toothbrush, transistor, wood, zipper
Models: patchcore, fastflow, dinomaly, draem, efficientad
Test images per category: ALL
Limit train images per category: NONE
Output file: mvtec_results_train_together.csv
Mode: Overwrite
Accelerator: auto
================================================================================

========================================
MODEL (train once): patchcore
========================================
MVTec AD dataset already exists at /home/ensta/ensta-maria-fernanda.pereira/anomaly_detection/MVTecAD
  Training patchcore on concatenated TRAIN set...
┏━━━┳━━━━━━━━━━━━━━━━┳━━━━━━━━━━━━━━━━┳━━━━━━━━┳━━━━━━━┳━━━━━━━┓
┃   ┃ Name           ┃ Type           ┃ Params ┃ Mode  ┃ FLOPs ┃
┡━━━╇━━━━━━━━━━━━━━━━╇━━━━━━━━━━━━━━━━╇━━━━━━━━╇━━━━━━━╇━━━━━━━┩
│ 0 │ pre_processor  │ PreProcessor   │      0 │ train │     0 │
│ 1 │ post_processor │ PostProcessor  │      0 │ train │     0 │
│ 2 │ evaluator      │ Evaluator      │      0 │ train │     0 │
│ 3 │ model          │ PatchcoreModel │ 24.9 M │ train │     0 │
└───┴────────────────┴────────────────┴────────┴───────┴───────┘
Trainable params: 24.9 M                                                        
Non-trainable params: 0                                                         
Total params: 24.9 M                                                            
Total estimated model params size (MB): 99                                      
Modules in train mode: 19                                                       
Modules in eval mode: 174                                                       
Total FLOPs: 0                                                                  
Epoch 0/0  ━━━━━━━━━━━━━━━━━━━━━━━━━━━━━━━━ 114/114 0:01:57 • 0:00:00 1.00it/s 
Error training patchcore in train-together mode: CUDA out of memory. Tried to allocate 22.68 GiB. GPU 0 has a total capacity of 44.42 GiB of which 15.95 GiB is free. Including non-PyTorch memory, this process has 28.46 GiB memory in use. Of the allocated memory 25.07 GiB is allocated by PyTorch, and 2.90 GiB is reserved by PyTorch but unallocated. If reserved but unallocated memory is large try setting PYTORCH_CUDA_ALLOC_CONF=expandable_segments:True to avoid fragmentation.  See documentation for Memory Management  (https://pytorch.org/docs/stable/notes/cuda.html#environment-variables)

========================================
MODEL (train once): fastflow
========================================
MVTec AD dataset already exists at /home/ensta/ensta-maria-fernanda.pereira/anomaly_detection/MVTecAD
  Training fastflow on concatenated TRAIN set...
┏━━━┳━━━━━━━━━━━━━━━━┳━━━━━━━━━━━━━━━┳━━━━━━━━┳━━━━━━━┳━━━━━━━┓
┃   ┃ Name           ┃ Type          ┃ Params ┃ Mode  ┃ FLOPs ┃
┡━━━╇━━━━━━━━━━━━━━━━╇━━━━━━━━━━━━━━━╇━━━━━━━━╇━━━━━━━╇━━━━━━━┩
│ 0 │ pre_processor  │ PreProcessor  │      0 │ train │     0 │
│ 1 │ post_processor │ PostProcessor │      0 │ train │     0 │
│ 2 │ evaluator      │ Evaluator     │      0 │ train │     0 │
│ 3 │ model          │ FastflowModel │  7.7 M │ train │     0 │
│ 4 │ loss           │ FastflowLoss  │      0 │ train │     0 │
└───┴────────────────┴───────────────┴────────┴───────┴───────┘
Trainable params: 3.5 M                                                         
Non-trainable params: 4.2 M                                                     
Total params: 7.7 M                                                             
Total estimated model params size (MB): 30                                      
Modules in train mode: 267                                                      
Modules in eval mode: 0                                                         
Total FLOPs: 0                                                                  
Epoch 1/1  ━━━━━━━━━━━━━━━━ 114/114 0:01:49 • 0:00:00 1.05it/s train_loss_step: 
                                                               -449769.375      
                                                               train_loss_epoch:
                                                               -432589.188      
  Training completed in 5m 37.80s

--- Test category: bottle ---
MVTec AD category 'bottle' already exists at /home/ensta/ensta-maria-fernanda.pereira/anomaly_detection/MVTecAD
┏━━━━━━━━━━━━━━━━━━━━━━━━━━━┳━━━━━━━━━━━━━━━━━━━━━━━━━━━┓
┃        Test metric        ┃       DataLoader 0        ┃
┡━━━━━━━━━━━━━━━━━━━━━━━━━━━╇━━━━━━━━━━━━━━━━━━━━━━━━━━━┩
│        image_AUROC        │    0.9357143044471741     │
│       image_F1Score       │    0.8630136847496033     │
│        pixel_AUROC        │    0.7527740001678467     │
│       pixel_F1Score       │    0.22598840296268463    │
└───────────────────────────┴───────────────────────────┘
Testing ━━━━━━━━━━━━━━━━━━━━━━━━━━━━━━━━━━━━━━━ 6/6 0:00:04 • 0:00:00 1.04it/s 

--- Test category: cable ---
MVTec AD category 'cable' already exists at /home/ensta/ensta-maria-fernanda.pereira/anomaly_detection/MVTecAD
┏━━━━━━━━━━━━━━━━━━━━━━━━━━━┳━━━━━━━━━━━━━━━━━━━━━━━━━━━┓
┃        Test metric        ┃       DataLoader 0        ┃
┡━━━━━━━━━━━━━━━━━━━━━━━━━━━╇━━━━━━━━━━━━━━━━━━━━━━━━━━━┩
│        image_AUROC        │    0.7571214437484741     │
│       image_F1Score       │    0.7603305578231812     │
│        pixel_AUROC        │     0.796425461769104     │
│       pixel_F1Score       │    0.33880946040153503    │
└───────────────────────────┴───────────────────────────┘
Testing ━━━━━━━━━━━━━━━━━━━━━━━━━━━━━━━━━━━━━ 10/10 0:00:12 • 0:00:00 0.74it/s 

--- Test category: capsule ---
MVTec AD category 'capsule' already exists at /home/ensta/ensta-maria-fernanda.pereira/anomaly_detection/MVTecAD
┏━━━━━━━━━━━━━━━━━━━━━━━━━━━┳━━━━━━━━━━━━━━━━━━━━━━━━━━━┓
┃        Test metric        ┃       DataLoader 0        ┃
┡━━━━━━━━━━━━━━━━━━━━━━━━━━━╇━━━━━━━━━━━━━━━━━━━━━━━━━━━┩
│        image_AUROC        │    0.6745113134384155     │
│       image_F1Score       │    0.9083333611488342     │
│        pixel_AUROC        │    0.8985600471496582     │
│       pixel_F1Score       │    0.2315976619720459     │
└───────────────────────────┴───────────────────────────┘
Testing ━━━━━━━━━━━━━━━━━━━━━━━━━━━━━━━━━━━━━━━ 9/9 0:00:13 • 0:00:00 0.61it/s 

--- Test category: carpet ---
MVTec AD category 'carpet' already exists at /home/ensta/ensta-maria-fernanda.pereira/anomaly_detection/MVTecAD
┏━━━━━━━━━━━━━━━━━━━━━━━━━━━┳━━━━━━━━━━━━━━━━━━━━━━━━━━━┓
┃        Test metric        ┃       DataLoader 0        ┃
┡━━━━━━━━━━━━━━━━━━━━━━━━━━━╇━━━━━━━━━━━━━━━━━━━━━━━━━━━┩
│        image_AUROC        │    0.7841091752052307     │
│       image_F1Score       │    0.8640776872634888     │
│        pixel_AUROC        │    0.9023850560188293     │
│       pixel_F1Score       │    0.2105013132095337     │
└───────────────────────────┴───────────────────────────┘
Testing ━━━━━━━━━━━━━━━━━━━━━━━━━━━━━━━━━━━━━━━ 8/8 0:00:06 • 0:00:00 1.02it/s 

--- Test category: grid ---
MVTec AD category 'grid' already exists at /home/ensta/ensta-maria-fernanda.pereira/anomaly_detection/MVTecAD
┏━━━━━━━━━━━━━━━━━━━━━━━━━━━┳━━━━━━━━━━━━━━━━━━━━━━━━━━━┓
┃        Test metric        ┃       DataLoader 0        ┃
┡━━━━━━━━━━━━━━━━━━━━━━━━━━━╇━━━━━━━━━━━━━━━━━━━━━━━━━━━┩
│        image_AUROC        │    0.7944862246513367     │
│       image_F1Score       │     0.834782600402832     │
│        pixel_AUROC        │    0.8515214920043945     │
│       pixel_F1Score       │    0.20955073833465576    │
└───────────────────────────┴───────────────────────────┘
Testing ━━━━━━━━━━━━━━━━━━━━━━━━━━━━━━━━━━━━━━━ 5/5 0:00:03 • 0:00:00 1.10it/s 

--- Test category: hazelnut ---
MVTec AD category 'hazelnut' already exists at /home/ensta/ensta-maria-fernanda.pereira/anomaly_detection/MVTecAD
┏━━━━━━━━━━━━━━━━━━━━━━━━━━━┳━━━━━━━━━━━━━━━━━━━━━━━━━━━┓
┃        Test metric        ┃       DataLoader 0        ┃
┡━━━━━━━━━━━━━━━━━━━━━━━━━━━╇━━━━━━━━━━━━━━━━━━━━━━━━━━━┩
│        image_AUROC        │    0.8432142734527588     │
│       image_F1Score       │    0.7865168452262878     │
│        pixel_AUROC        │    0.9213473796844482     │
│       pixel_F1Score       │    0.4241761565208435     │
└───────────────────────────┴───────────────────────────┘
Testing ━━━━━━━━━━━━━━━━━━━━━━━━━━━━━━━━━━━━━━━ 7/7 0:00:08 • 0:00:00 0.68it/s 

--- Test category: leather ---
MVTec AD category 'leather' already exists at /home/ensta/ensta-maria-fernanda.pereira/anomaly_detection/MVTecAD
┏━━━━━━━━━━━━━━━━━━━━━━━━━━━┳━━━━━━━━━━━━━━━━━━━━━━━━━━━┓
┃        Test metric        ┃       DataLoader 0        ┃
┡━━━━━━━━━━━━━━━━━━━━━━━━━━━╇━━━━━━━━━━━━━━━━━━━━━━━━━━━┩
│        image_AUROC        │     0.924932062625885     │
│       image_F1Score       │    0.8638497591018677     │
│        pixel_AUROC        │    0.9704368114471436     │
│       pixel_F1Score       │    0.2589974105358124     │
└───────────────────────────┴───────────────────────────┘
Testing ━━━━━━━━━━━━━━━━━━━━━━━━━━━━━━━━━━━━━━━ 8/8 0:00:07 • 0:00:00 0.92it/s 

--- Test category: metal_nut ---
MVTec AD category 'metal_nut' already exists at /home/ensta/ensta-maria-fernanda.pereira/anomaly_detection/MVTecAD
┏━━━━━━━━━━━━━━━━━━━━━━━━━━━┳━━━━━━━━━━━━━━━━━━━━━━━━━━━┓
┃        Test metric        ┃       DataLoader 0        ┃
┡━━━━━━━━━━━━━━━━━━━━━━━━━━━╇━━━━━━━━━━━━━━━━━━━━━━━━━━━┩
│        image_AUROC        │    0.7375366687774658     │
│       image_F1Score       │    0.8942307829856873     │
│        pixel_AUROC        │    0.8720722198486328     │
│       pixel_F1Score       │    0.5517619848251343     │
└───────────────────────────┴───────────────────────────┘
Testing ━━━━━━━━━━━━━━━━━━━━━━━━━━━━━━━━━━━━━━━ 8/8 0:00:07 • 0:00:00 0.95it/s 

--- Test category: pill ---
MVTec AD category 'pill' already exists at /home/ensta/ensta-maria-fernanda.pereira/anomaly_detection/MVTecAD
┏━━━━━━━━━━━━━━━━━━━━━━━━━━━┳━━━━━━━━━━━━━━━━━━━━━━━━━━━┓
┃        Test metric        ┃       DataLoader 0        ┃
┡━━━━━━━━━━━━━━━━━━━━━━━━━━━╇━━━━━━━━━━━━━━━━━━━━━━━━━━━┩
│        image_AUROC        │    0.7272230982780457     │
│       image_F1Score       │    0.9205297827720642     │
│        pixel_AUROC        │    0.8473853468894958     │
│       pixel_F1Score       │    0.3087345063686371     │
└───────────────────────────┴───────────────────────────┘
Testing ━━━━━━━━━━━━━━━━━━━━━━━━━━━━━━━━━━━━━ 11/11 0:00:13 • 0:00:00 0.77it/s 

--- Test category: screw ---
MVTec AD category 'screw' already exists at /home/ensta/ensta-maria-fernanda.pereira/anomaly_detection/MVTecAD
┏━━━━━━━━━━━━━━━━━━━━━━━━━━━┳━━━━━━━━━━━━━━━━━━━━━━━━━━━┓
┃        Test metric        ┃       DataLoader 0        ┃
┡━━━━━━━━━━━━━━━━━━━━━━━━━━━╇━━━━━━━━━━━━━━━━━━━━━━━━━━━┩
│        image_AUROC        │    0.5183439254760742     │
│       image_F1Score       │    0.8405796885490417     │
│        pixel_AUROC        │    0.8286588191986084     │
│       pixel_F1Score       │   0.018690722063183784    │
└───────────────────────────┴───────────────────────────┘
Testing ━━━━━━━━━━━━━━━━━━━━━━━━━━━━━━━━━━━━━ 10/10 0:00:08 • 0:00:00 1.08it/s 

--- Test category: tile ---
MVTec AD category 'tile' already exists at /home/ensta/ensta-maria-fernanda.pereira/anomaly_detection/MVTecAD
┏━━━━━━━━━━━━━━━━━━━━━━━━━━━┳━━━━━━━━━━━━━━━━━━━━━━━━━━━┓
┃        Test metric        ┃       DataLoader 0        ┃
┡━━━━━━━━━━━━━━━━━━━━━━━━━━━╇━━━━━━━━━━━━━━━━━━━━━━━━━━━┩
│        image_AUROC        │    0.9188311696052551     │
│       image_F1Score       │    0.8615384697914124     │
│        pixel_AUROC        │    0.9239093065261841     │
│       pixel_F1Score       │    0.48122045397758484    │
└───────────────────────────┴───────────────────────────┘
Testing ━━━━━━━━━━━━━━━━━━━━━━━━━━━━━━━━━━━━━━━ 8/8 0:00:06 • 0:00:00 1.06it/s 

--- Test category: toothbrush ---
MVTec AD category 'toothbrush' already exists at /home/ensta/ensta-maria-fernanda.pereira/anomaly_detection/MVTecAD
┏━━━━━━━━━━━━━━━━━━━━━━━━━━━┳━━━━━━━━━━━━━━━━━━━━━━━━━━━┓
┃        Test metric        ┃       DataLoader 0        ┃
┡━━━━━━━━━━━━━━━━━━━━━━━━━━━╇━━━━━━━━━━━━━━━━━━━━━━━━━━━┩
│        image_AUROC        │           0.75            │
│       image_F1Score       │    0.8333333134651184     │
│        pixel_AUROC        │    0.9009709358215332     │
│       pixel_F1Score       │    0.2659604549407959     │
└───────────────────────────┴───────────────────────────┘
Testing ━━━━━━━━━━━━━━━━━━━━━━━━━━━━━━━━━━━━━━━ 3/3 0:00:02 • 0:00:00 0.78it/s 

--- Test category: transistor ---
MVTec AD category 'transistor' already exists at /home/ensta/ensta-maria-fernanda.pereira/anomaly_detection/MVTecAD
┏━━━━━━━━━━━━━━━━━━━━━━━━━━━┳━━━━━━━━━━━━━━━━━━━━━━━━━━━┓
┃        Test metric        ┃       DataLoader 0        ┃
┡━━━━━━━━━━━━━━━━━━━━━━━━━━━╇━━━━━━━━━━━━━━━━━━━━━━━━━━━┩
│        image_AUROC        │    0.6920833587646484     │
│       image_F1Score       │    0.6000000238418579     │
│        pixel_AUROC        │    0.7827107906341553     │
│       pixel_F1Score       │    0.1466270238161087     │
└───────────────────────────┴───────────────────────────┘
Testing ━━━━━━━━━━━━━━━━━━━━━━━━━━━━━━━━━━━━━━━ 7/7 0:00:08 • 0:00:00 0.68it/s 

--- Test category: wood ---
MVTec AD category 'wood' already exists at /home/ensta/ensta-maria-fernanda.pereira/anomaly_detection/MVTecAD
┏━━━━━━━━━━━━━━━━━━━━━━━━━━━┳━━━━━━━━━━━━━━━━━━━━━━━━━━━┓
┃        Test metric        ┃       DataLoader 0        ┃
┡━━━━━━━━━━━━━━━━━━━━━━━━━━━╇━━━━━━━━━━━━━━━━━━━━━━━━━━━┩
│        image_AUROC        │    0.9271929264068604     │
│       image_F1Score       │    0.8695651888847351     │
│        pixel_AUROC        │    0.8745681643486023     │
│       pixel_F1Score       │    0.34195321798324585    │
└───────────────────────────┴───────────────────────────┘
Testing ━━━━━━━━━━━━━━━━━━━━━━━━━━━━━━━━━━━━━━━ 5/5 0:00:05 • 0:00:00 0.71it/s 

--- Test category: zipper ---
MVTec AD category 'zipper' already exists at /home/ensta/ensta-maria-fernanda.pereira/anomaly_detection/MVTecAD
┏━━━━━━━━━━━━━━━━━━━━━━━━━━━┳━━━━━━━━━━━━━━━━━━━━━━━━━━━┓
┃        Test metric        ┃       DataLoader 0        ┃
┡━━━━━━━━━━━━━━━━━━━━━━━━━━━╇━━━━━━━━━━━━━━━━━━━━━━━━━━━┩
│        image_AUROC        │    0.8518908023834229     │
│       image_F1Score       │    0.8939393758773804     │
│        pixel_AUROC        │    0.8429611921310425     │
│       pixel_F1Score       │    0.2435990422964096     │
└───────────────────────────┴───────────────────────────┘
Testing ━━━━━━━━━━━━━━━━━━━━━━━━━━━━━━━━━━━━━ 10/10 0:00:07 • 0:00:00 1.15it/s 

========================================
MODEL (train once): dinomaly
========================================
  Using model-specific batch sizes: train=4, eval=8
MVTec AD dataset already exists at /home/ensta/ensta-maria-fernanda.pereira/anomaly_detection/MVTecAD
  Training dinomaly on concatenated TRAIN set...
Error training dinomaly in train-together mode: 'NoneType' object has no attribute 'train_dataloader'

========================================
MODEL (train once): draem
========================================
  Using model-specific batch sizes: train=2, eval=2
MVTec AD dataset already exists at /home/ensta/ensta-maria-fernanda.pereira/anomaly_detection/MVTecAD
  Training draem on concatenated TRAIN set...
┏━━━┳━━━━━━━━━━━━━━━━┳━━━━━━━━━━━━━━━━━━━━━━━━┳━━━━━━━━┳━━━━━━━┳━━━━━━━┓
┃   ┃ Name           ┃ Type                   ┃ Params ┃ Mode  ┃ FLOPs ┃
┡━━━╇━━━━━━━━━━━━━━━━╇━━━━━━━━━━━━━━━━━━━━━━━━╇━━━━━━━━╇━━━━━━━╇━━━━━━━┩
│ 0 │ pre_processor  │ PreProcessor           │      0 │ train │     0 │
│ 1 │ post_processor │ PostProcessor          │      0 │ train │     0 │
│ 2 │ evaluator      │ Evaluator              │      0 │ train │     0 │
│ 3 │ augmenter      │ PerlinAnomalyGenerator │      0 │ train │     0 │
│ 4 │ model          │ DraemModel             │ 97.4 M │ train │     0 │
│ 5 │ loss           │ DraemLoss              │      0 │ train │     0 │
└───┴────────────────┴────────────────────────┴────────┴───────┴───────┘
Trainable params: 97.4 M                                                        
Non-trainable params: 0                                                         
Total params: 97.4 M                                                            
Total estimated model params size (MB): 389                                     
Modules in train mode: 236                                                      
Modules in eval mode: 0                                                         
Total FLOPs: 0                                                                  
Epoch 4/4  ━━━━━━━━━━━━━━━━ 1815/1815 0:04:03 •       7.53it/s train_loss_step: 
                                      0:00:00                  0.114            
                                                               train_loss_epoch:
                                                               0.411            
  Training completed in 24m 51.29s

--- Test category: bottle ---
MVTec AD category 'bottle' already exists at /home/ensta/ensta-maria-fernanda.pereira/anomaly_detection/MVTecAD
┏━━━━━━━━━━━━━━━━━━━━━━━━━━━┳━━━━━━━━━━━━━━━━━━━━━━━━━━━┓
┃        Test metric        ┃       DataLoader 0        ┃
┡━━━━━━━━━━━━━━━━━━━━━━━━━━━╇━━━━━━━━━━━━━━━━━━━━━━━━━━━┩
│        image_AUROC        │            0.5            │
│       image_F1Score       │    0.8630136847496033     │
│        pixel_AUROC        │    0.4517880082130432     │
│       pixel_F1Score       │    0.0846894234418869     │
└───────────────────────────┴───────────────────────────┘
Testing ━━━━━━━━━━━━━━━━━━━━━━━━━━━━━━━━━━━━━ 42/42 0:00:05 • 0:00:00 7.19it/s 

--- Test category: cable ---
MVTec AD category 'cable' already exists at /home/ensta/ensta-maria-fernanda.pereira/anomaly_detection/MVTecAD
┏━━━━━━━━━━━━━━━━━━━━━━━━━━━┳━━━━━━━━━━━━━━━━━━━━━━━━━━━┓
┃        Test metric        ┃       DataLoader 0        ┃
┡━━━━━━━━━━━━━━━━━━━━━━━━━━━╇━━━━━━━━━━━━━━━━━━━━━━━━━━━┩
│        image_AUROC        │            0.5            │
│       image_F1Score       │    0.7603305578231812     │
│        pixel_AUROC        │    0.4104970693588257     │
│       pixel_F1Score       │    0.04238279536366463    │
└───────────────────────────┴───────────────────────────┘
Testing ━━━━━━━━━━━━━━━━━━━━━━━━━━━━━━━━━━━━━ 75/75 0:00:13 • 0:00:00 5.34it/s 

--- Test category: capsule ---
MVTec AD category 'capsule' already exists at /home/ensta/ensta-maria-fernanda.pereira/anomaly_detection/MVTecAD
┏━━━━━━━━━━━━━━━━━━━━━━━━━━━┳━━━━━━━━━━━━━━━━━━━━━━━━━━━┓
┃        Test metric        ┃       DataLoader 0        ┃
┡━━━━━━━━━━━━━━━━━━━━━━━━━━━╇━━━━━━━━━━━━━━━━━━━━━━━━━━━┩
│        image_AUROC        │    0.31990426778793335    │
│       image_F1Score       │    0.9045643210411072     │
│        pixel_AUROC        │     0.791092038154602     │
│       pixel_F1Score       │    0.06810025870800018    │
└───────────────────────────┴───────────────────────────┘
Testing ━━━━━━━━━━━━━━━━━━━━━━━━━━━━━━━━━━━━━ 66/66 0:00:14 • 0:00:00 4.51it/s 

--- Test category: carpet ---
MVTec AD category 'carpet' already exists at /home/ensta/ensta-maria-fernanda.pereira/anomaly_detection/MVTecAD
┏━━━━━━━━━━━━━━━━━━━━━━━━━━━┳━━━━━━━━━━━━━━━━━━━━━━━━━━━┓
┃        Test metric        ┃       DataLoader 0        ┃
┡━━━━━━━━━━━━━━━━━━━━━━━━━━━╇━━━━━━━━━━━━━━━━━━━━━━━━━━━┩
│        image_AUROC        │            0.5            │
│       image_F1Score       │    0.8640776872634888     │
│        pixel_AUROC        │    0.35600554943084717    │
│       pixel_F1Score       │   0.030021309852600098    │
└───────────────────────────┴───────────────────────────┘
Testing ━━━━━━━━━━━━━━━━━━━━━━━━━━━━━━━━━━━━━ 59/59 0:00:08 • 0:00:00 7.10it/s 

--- Test category: grid ---
MVTec AD category 'grid' already exists at /home/ensta/ensta-maria-fernanda.pereira/anomaly_detection/MVTecAD
┏━━━━━━━━━━━━━━━━━━━━━━━━━━━┳━━━━━━━━━━━━━━━━━━━━━━━━━━━┓
┃        Test metric        ┃       DataLoader 0        ┃
┡━━━━━━━━━━━━━━━━━━━━━━━━━━━╇━━━━━━━━━━━━━━━━━━━━━━━━━━━┩
│        image_AUROC        │    0.6190476417541504     │
│       image_F1Score       │    0.8444444537162781     │
│        pixel_AUROC        │    0.5005364418029785     │
│       pixel_F1Score       │   0.013964888639748096    │
└───────────────────────────┴───────────────────────────┘
Testing ━━━━━━━━━━━━━━━━━━━━━━━━━━━━━━━━━━━━━ 39/39 0:00:05 • 0:00:00 7.35it/s 

--- Test category: hazelnut ---
MVTec AD category 'hazelnut' already exists at /home/ensta/ensta-maria-fernanda.pereira/anomaly_detection/MVTecAD
┏━━━━━━━━━━━━━━━━━━━━━━━━━━━┳━━━━━━━━━━━━━━━━━━━━━━━━━━━┓
┃        Test metric        ┃       DataLoader 0        ┃
┡━━━━━━━━━━━━━━━━━━━━━━━━━━━╇━━━━━━━━━━━━━━━━━━━━━━━━━━━┩
│        image_AUROC        │    0.6539285778999329     │
│       image_F1Score       │    0.7777777910232544     │
│        pixel_AUROC        │    0.8680081963539124     │
│       pixel_F1Score       │    0.14192913472652435    │
└───────────────────────────┴───────────────────────────┘
Testing ━━━━━━━━━━━━━━━━━━━━━━━━━━━━━━━━━━━━━ 55/55 0:00:10 • 0:00:00 4.99it/s 

--- Test category: leather ---
MVTec AD category 'leather' already exists at /home/ensta/ensta-maria-fernanda.pereira/anomaly_detection/MVTecAD
┏━━━━━━━━━━━━━━━━━━━━━━━━━━━┳━━━━━━━━━━━━━━━━━━━━━━━━━━━┓
┃        Test metric        ┃       DataLoader 0        ┃
┡━━━━━━━━━━━━━━━━━━━━━━━━━━━╇━━━━━━━━━━━━━━━━━━━━━━━━━━━┩
│        image_AUROC        │    0.5439878106117249     │
│       image_F1Score       │    0.8518518805503845     │
│        pixel_AUROC        │    0.5471848249435425     │
│       pixel_F1Score       │   0.014372547157108784    │
└───────────────────────────┴───────────────────────────┘
Testing ━━━━━━━━━━━━━━━━━━━━━━━━━━━━━━━━━━━━━ 62/62 0:00:09 • 0:00:00 6.40it/s 

--- Test category: metal_nut ---
MVTec AD category 'metal_nut' already exists at /home/ensta/ensta-maria-fernanda.pereira/anomaly_detection/MVTecAD
┏━━━━━━━━━━━━━━━━━━━━━━━━━━━┳━━━━━━━━━━━━━━━━━━━━━━━━━━━┓
┃        Test metric        ┃       DataLoader 0        ┃
┡━━━━━━━━━━━━━━━━━━━━━━━━━━━╇━━━━━━━━━━━━━━━━━━━━━━━━━━━┩
│        image_AUROC        │    0.49511241912841797    │
│       image_F1Score       │    0.8942307829856873     │
│        pixel_AUROC        │    0.7166475653648376     │
│       pixel_F1Score       │    0.3040597438812256     │
└───────────────────────────┴───────────────────────────┘
Testing ━━━━━━━━━━━━━━━━━━━━━━━━━━━━━━━━━━━━━ 58/58 0:00:08 • 0:00:00 6.64it/s 

--- Test category: pill ---
MVTec AD category 'pill' already exists at /home/ensta/ensta-maria-fernanda.pereira/anomaly_detection/MVTecAD
┏━━━━━━━━━━━━━━━━━━━━━━━━━━━┳━━━━━━━━━━━━━━━━━━━━━━━━━━━┓
┃        Test metric        ┃       DataLoader 0        ┃
┡━━━━━━━━━━━━━━━━━━━━━━━━━━━╇━━━━━━━━━━━━━━━━━━━━━━━━━━━┩
│        image_AUROC        │     0.594789981842041     │
│       image_F1Score       │    0.9120520949363708     │
│        pixel_AUROC        │    0.8291885256767273     │
│       pixel_F1Score       │    0.2242354154586792     │
└───────────────────────────┴───────────────────────────┘
Testing ━━━━━━━━━━━━━━━━━━━━━━━━━━━━━━━━━━━━━ 84/84 0:00:14 • 0:00:00 5.66it/s 

--- Test category: screw ---
MVTec AD category 'screw' already exists at /home/ensta/ensta-maria-fernanda.pereira/anomaly_detection/MVTecAD
┏━━━━━━━━━━━━━━━━━━━━━━━━━━━┳━━━━━━━━━━━━━━━━━━━━━━━━━━━┓
┃        Test metric        ┃       DataLoader 0        ┃
┡━━━━━━━━━━━━━━━━━━━━━━━━━━━╇━━━━━━━━━━━━━━━━━━━━━━━━━━━┩
│        image_AUROC        │    0.7360115051269531     │
│       image_F1Score       │    0.8530465960502625     │
│        pixel_AUROC        │    0.8851293325424194     │
│       pixel_F1Score       │   0.020401569083333015    │
└───────────────────────────┴───────────────────────────┘
Testing ━━━━━━━━━━━━━━━━━━━━━━━━━━━━━━━━━━━━━ 80/80 0:00:10 • 0:00:00 7.20it/s 

--- Test category: tile ---
MVTec AD category 'tile' already exists at /home/ensta/ensta-maria-fernanda.pereira/anomaly_detection/MVTecAD
┏━━━━━━━━━━━━━━━━━━━━━━━━━━━┳━━━━━━━━━━━━━━━━━━━━━━━━━━━┓
┃        Test metric        ┃       DataLoader 0        ┃
┡━━━━━━━━━━━━━━━━━━━━━━━━━━━╇━━━━━━━━━━━━━━━━━━━━━━━━━━━┩
│        image_AUROC        │    0.6405122876167297     │
│       image_F1Score       │    0.8358209133148193     │
│        pixel_AUROC        │    0.5236796736717224     │
│       pixel_F1Score       │    0.1278677135705948     │
└───────────────────────────┴───────────────────────────┘
Testing ━━━━━━━━━━━━━━━━━━━━━━━━━━━━━━━━━━━━━ 59/59 0:00:08 • 0:00:00 7.25it/s 

--- Test category: toothbrush ---
MVTec AD category 'toothbrush' already exists at /home/ensta/ensta-maria-fernanda.pereira/anomaly_detection/MVTecAD
┏━━━━━━━━━━━━━━━━━━━━━━━━━━━┳━━━━━━━━━━━━━━━━━━━━━━━━━━━┓
┃        Test metric        ┃       DataLoader 0        ┃
┡━━━━━━━━━━━━━━━━━━━━━━━━━━━╇━━━━━━━━━━━━━━━━━━━━━━━━━━━┩
│        image_AUROC        │            0.5            │
│       image_F1Score       │    0.8333333134651184     │
│        pixel_AUROC        │    0.8777657747268677     │
│       pixel_F1Score       │    0.10354208201169968    │
└───────────────────────────┴───────────────────────────┘
Testing ━━━━━━━━━━━━━━━━━━━━━━━━━━━━━━━━━━━━━ 21/21 0:00:03 • 0:00:00 5.61it/s 

--- Test category: transistor ---
MVTec AD category 'transistor' already exists at /home/ensta/ensta-maria-fernanda.pereira/anomaly_detection/MVTecAD
┏━━━━━━━━━━━━━━━━━━━━━━━━━━━┳━━━━━━━━━━━━━━━━━━━━━━━━━━━┓
┃        Test metric        ┃       DataLoader 0        ┃
┡━━━━━━━━━━━━━━━━━━━━━━━━━━━╇━━━━━━━━━━━━━━━━━━━━━━━━━━━┩
│        image_AUROC        │            0.5            │
│       image_F1Score       │    0.5714285969734192     │
│        pixel_AUROC        │    0.4929673671722412     │
│       pixel_F1Score       │    0.08954928070306778    │
└───────────────────────────┴───────────────────────────┘
Testing ━━━━━━━━━━━━━━━━━━━━━━━━━━━━━━━━━━━━━ 50/50 0:00:09 • 0:00:00 4.92it/s 

--- Test category: wood ---
MVTec AD category 'wood' already exists at /home/ensta/ensta-maria-fernanda.pereira/anomaly_detection/MVTecAD
┏━━━━━━━━━━━━━━━━━━━━━━━━━━━┳━━━━━━━━━━━━━━━━━━━━━━━━━━━┓
┃        Test metric        ┃       DataLoader 0        ┃
┡━━━━━━━━━━━━━━━━━━━━━━━━━━━╇━━━━━━━━━━━━━━━━━━━━━━━━━━━┩
│        image_AUROC        │    0.49166667461395264    │
│       image_F1Score       │    0.8633093237876892     │
│        pixel_AUROC        │    0.6630083918571472     │
│       pixel_F1Score       │    0.07121288031339645    │
└───────────────────────────┴───────────────────────────┘
Testing ━━━━━━━━━━━━━━━━━━━━━━━━━━━━━━━━━━━━━ 40/40 0:00:07 • 0:00:00 4.94it/s 

--- Test category: zipper ---
MVTec AD category 'zipper' already exists at /home/ensta/ensta-maria-fernanda.pereira/anomaly_detection/MVTecAD
┏━━━━━━━━━━━━━━━━━━━━━━━━━━━┳━━━━━━━━━━━━━━━━━━━━━━━━━━━┓
┃        Test metric        ┃       DataLoader 0        ┃
┡━━━━━━━━━━━━━━━━━━━━━━━━━━━╇━━━━━━━━━━━━━━━━━━━━━━━━━━━┩
│        image_AUROC        │            0.5            │
│       image_F1Score       │    0.8814814686775208     │
│        pixel_AUROC        │    0.7037889361381531     │
│       pixel_F1Score       │    0.07737661153078079    │
└───────────────────────────┴───────────────────────────┘
Testing ━━━━━━━━━━━━━━━━━━━━━━━━━━━━━━━━━━━━━ 76/76 0:00:09 • 0:00:00 8.04it/s 

========================================
MODEL (train once): efficientad
========================================
  Using model-specific batch sizes: train=1, eval=16
MVTec AD dataset already exists at /home/ensta/ensta-maria-fernanda.pereira/anomaly_detection/MVTecAD
  Training efficientad on concatenated TRAIN set...
Error training efficientad in train-together mode: 'NoneType' object has no attribute 'train_dataloader'

================================================================================
BENCHMARK SUMMARY
================================================================================

bottle - patchcore:
  Image AUROC: N/A
  Pixel AUROC: N/A
  F1 Score: N/A
  Train Time: N/A
  Inference Time: N/A
  Inference FPS: N/A
  Peak GPU Memory: N/A
  Peak CPU Memory: N/A

cable - patchcore:
  Image AUROC: N/A
  Pixel AUROC: N/A
  F1 Score: N/A
  Train Time: N/A
  Inference Time: N/A
  Inference FPS: N/A
  Peak GPU Memory: N/A
  Peak CPU Memory: N/A

capsule - patchcore:
  Image AUROC: N/A
  Pixel AUROC: N/A
  F1 Score: N/A
  Train Time: N/A
  Inference Time: N/A
  Inference FPS: N/A
  Peak GPU Memory: N/A
  Peak CPU Memory: N/A

carpet - patchcore:
  Image AUROC: N/A
  Pixel AUROC: N/A
  F1 Score: N/A
  Train Time: N/A
  Inference Time: N/A
  Inference FPS: N/A
  Peak GPU Memory: N/A
  Peak CPU Memory: N/A

grid - patchcore:
  Image AUROC: N/A
  Pixel AUROC: N/A
  F1 Score: N/A
  Train Time: N/A
  Inference Time: N/A
  Inference FPS: N/A
  Peak GPU Memory: N/A
  Peak CPU Memory: N/A

hazelnut - patchcore:
  Image AUROC: N/A
  Pixel AUROC: N/A
  F1 Score: N/A
  Train Time: N/A
  Inference Time: N/A
  Inference FPS: N/A
  Peak GPU Memory: N/A
  Peak CPU Memory: N/A

leather - patchcore:
  Image AUROC: N/A
  Pixel AUROC: N/A
  F1 Score: N/A
  Train Time: N/A
  Inference Time: N/A
  Inference FPS: N/A
  Peak GPU Memory: N/A
  Peak CPU Memory: N/A

metal_nut - patchcore:
  Image AUROC: N/A
  Pixel AUROC: N/A
  F1 Score: N/A
  Train Time: N/A
  Inference Time: N/A
  Inference FPS: N/A
  Peak GPU Memory: N/A
  Peak CPU Memory: N/A

pill - patchcore:
  Image AUROC: N/A
  Pixel AUROC: N/A
  F1 Score: N/A
  Train Time: N/A
  Inference Time: N/A
  Inference FPS: N/A
  Peak GPU Memory: N/A
  Peak CPU Memory: N/A

screw - patchcore:
  Image AUROC: N/A
  Pixel AUROC: N/A
  F1 Score: N/A
  Train Time: N/A
  Inference Time: N/A
  Inference FPS: N/A
  Peak GPU Memory: N/A
  Peak CPU Memory: N/A

tile - patchcore:
  Image AUROC: N/A
  Pixel AUROC: N/A
  F1 Score: N/A
  Train Time: N/A
  Inference Time: N/A
  Inference FPS: N/A
  Peak GPU Memory: N/A
  Peak CPU Memory: N/A

toothbrush - patchcore:
  Image AUROC: N/A
  Pixel AUROC: N/A
  F1 Score: N/A
  Train Time: N/A
  Inference Time: N/A
  Inference FPS: N/A
  Peak GPU Memory: N/A
  Peak CPU Memory: N/A

transistor - patchcore:
  Image AUROC: N/A
  Pixel AUROC: N/A
  F1 Score: N/A
  Train Time: N/A
  Inference Time: N/A
  Inference FPS: N/A
  Peak GPU Memory: N/A
  Peak CPU Memory: N/A

wood - patchcore:
  Image AUROC: N/A
  Pixel AUROC: N/A
  F1 Score: N/A
  Train Time: N/A
  Inference Time: N/A
  Inference FPS: N/A
  Peak GPU Memory: N/A
  Peak CPU Memory: N/A

zipper - patchcore:
  Image AUROC: N/A
  Pixel AUROC: N/A
  F1 Score: N/A
  Train Time: N/A
  Inference Time: N/A
  Inference FPS: N/A
  Peak GPU Memory: N/A
  Peak CPU Memory: N/A

bottle - fastflow:
  Image AUROC: 0.9357
  Pixel AUROC: 0.7528
  F1 Score: 0.8630
  Train Time: 5m 37.80s
  Inference Time: 7.31s
  Inference FPS: 11.35
  Peak GPU Memory: 324.53 MB
  Peak CPU Memory: 4.82 GB

cable - fastflow:
  Image AUROC: 0.7571
  Pixel AUROC: 0.7964
  F1 Score: 0.7603
  Train Time: 5m 37.80s
  Inference Time: 14.25s
  Inference FPS: 10.53
  Peak GPU Memory: 435.72 MB
  Peak CPU Memory: 2.69 GB

capsule - fastflow:
  Image AUROC: 0.6745
  Pixel AUROC: 0.8986
  F1 Score: 0.9083
  Train Time: 5m 37.80s
  Inference Time: 15.13s
  Inference FPS: 8.72
  Peak GPU Memory: 387.04 MB
  Peak CPU Memory: 2.69 GB

carpet - fastflow:
  Image AUROC: 0.7841
  Pixel AUROC: 0.9024
  F1 Score: 0.8641
  Train Time: 5m 37.80s
  Inference Time: 8.65s
  Inference FPS: 13.53
  Peak GPU Memory: 357.13 MB
  Peak CPU Memory: 2.70 GB

grid - fastflow:
  Image AUROC: 0.7945
  Pixel AUROC: 0.8515
  F1 Score: 0.8348
  Train Time: 5m 37.80s
  Inference Time: 5.70s
  Inference FPS: 13.69
  Peak GPU Memory: 317.31 MB
  Peak CPU Memory: 2.70 GB

hazelnut - fastflow:
  Image AUROC: 0.8432
  Pixel AUROC: 0.9213
  F1 Score: 0.7865
  Train Time: 5m 37.80s
  Inference Time: 11.60s
  Inference FPS: 9.48
  Peak GPU Memory: 334.24 MB
  Peak CPU Memory: 2.70 GB

leather - fastflow:
  Image AUROC: 0.9249
  Pixel AUROC: 0.9704
  F1 Score: 0.8638
  Train Time: 5m 37.80s
  Inference Time: 9.90s
  Inference FPS: 12.52
  Peak GPU Memory: 369.33 MB
  Peak CPU Memory: 2.69 GB

metal_nut - fastflow:
  Image AUROC: 0.7375
  Pixel AUROC: 0.8721
  F1 Score: 0.8942
  Train Time: 5m 37.80s
  Inference Time: 8.50s
  Inference FPS: 13.54
  Peak GPU Memory: 360.78 MB
  Peak CPU Memory: 2.69 GB

pill - fastflow:
  Image AUROC: 0.7272
  Pixel AUROC: 0.8474
  F1 Score: 0.9205
  Train Time: 5m 37.80s
  Inference Time: 14.86s
  Inference FPS: 11.24
  Peak GPU Memory: 476.64 MB
  Peak CPU Memory: 2.69 GB

screw - fastflow:
  Image AUROC: 0.5183
  Pixel AUROC: 0.8287
  F1 Score: 0.8406
  Train Time: 5m 37.80s
  Inference Time: 10.42s
  Inference FPS: 15.36
  Peak GPU Memory: 458.33 MB
  Peak CPU Memory: 2.69 GB

tile - fastflow:
  Image AUROC: 0.9188
  Pixel AUROC: 0.9239
  F1 Score: 0.8615
  Train Time: 5m 37.80s
  Inference Time: 8.25s
  Inference FPS: 14.18
  Peak GPU Memory: 355.59 MB
  Peak CPU Memory: 2.69 GB

toothbrush - fastflow:
  Image AUROC: 0.7500
  Pixel AUROC: 0.9010
  F1 Score: 0.8333
  Train Time: 5m 37.80s
  Inference Time: 4.82s
  Inference FPS: 8.72
  Peak GPU Memory: 317.31 MB
  Peak CPU Memory: 2.69 GB

transistor - fastflow:
  Image AUROC: 0.6921
  Pixel AUROC: 0.7827
  F1 Score: 0.6000
  Train Time: 5m 37.80s
  Inference Time: 10.77s
  Inference FPS: 9.28
  Peak GPU Memory: 317.31 MB
  Peak CPU Memory: 2.69 GB

wood - fastflow:
  Image AUROC: 0.9272
  Pixel AUROC: 0.8746
  F1 Score: 0.8696
  Train Time: 5m 37.80s
  Inference Time: 8.40s
  Inference FPS: 9.40
  Peak GPU Memory: 317.31 MB
  Peak CPU Memory: 2.69 GB

zipper - fastflow:
  Image AUROC: 0.8519
  Pixel AUROC: 0.8430
  F1 Score: 0.8939
  Train Time: 5m 37.80s
  Inference Time: 9.50s
  Inference FPS: 15.90
  Peak GPU Memory: 437.69 MB
  Peak CPU Memory: 2.69 GB

bottle - dinomaly:
  Image AUROC: N/A
  Pixel AUROC: N/A
  F1 Score: N/A
  Train Time: N/A
  Inference Time: N/A
  Inference FPS: N/A
  Peak GPU Memory: N/A
  Peak CPU Memory: N/A

cable - dinomaly:
  Image AUROC: N/A
  Pixel AUROC: N/A
  F1 Score: N/A
  Train Time: N/A
  Inference Time: N/A
  Inference FPS: N/A
  Peak GPU Memory: N/A
  Peak CPU Memory: N/A

capsule - dinomaly:
  Image AUROC: N/A
  Pixel AUROC: N/A
  F1 Score: N/A
  Train Time: N/A
  Inference Time: N/A
  Inference FPS: N/A
  Peak GPU Memory: N/A
  Peak CPU Memory: N/A

carpet - dinomaly:
  Image AUROC: N/A
  Pixel AUROC: N/A
  F1 Score: N/A
  Train Time: N/A
  Inference Time: N/A
  Inference FPS: N/A
  Peak GPU Memory: N/A
  Peak CPU Memory: N/A

grid - dinomaly:
  Image AUROC: N/A
  Pixel AUROC: N/A
  F1 Score: N/A
  Train Time: N/A
  Inference Time: N/A
  Inference FPS: N/A
  Peak GPU Memory: N/A
  Peak CPU Memory: N/A

hazelnut - dinomaly:
  Image AUROC: N/A
  Pixel AUROC: N/A
  F1 Score: N/A
  Train Time: N/A
  Inference Time: N/A
  Inference FPS: N/A
  Peak GPU Memory: N/A
  Peak CPU Memory: N/A

leather - dinomaly:
  Image AUROC: N/A
  Pixel AUROC: N/A
  F1 Score: N/A
  Train Time: N/A
  Inference Time: N/A
  Inference FPS: N/A
  Peak GPU Memory: N/A
  Peak CPU Memory: N/A

metal_nut - dinomaly:
  Image AUROC: N/A
  Pixel AUROC: N/A
  F1 Score: N/A
  Train Time: N/A
  Inference Time: N/A
  Inference FPS: N/A
  Peak GPU Memory: N/A
  Peak CPU Memory: N/A

pill - dinomaly:
  Image AUROC: N/A
  Pixel AUROC: N/A
  F1 Score: N/A
  Train Time: N/A
  Inference Time: N/A
  Inference FPS: N/A
  Peak GPU Memory: N/A
  Peak CPU Memory: N/A

screw - dinomaly:
  Image AUROC: N/A
  Pixel AUROC: N/A
  F1 Score: N/A
  Train Time: N/A
  Inference Time: N/A
  Inference FPS: N/A
  Peak GPU Memory: N/A
  Peak CPU Memory: N/A

tile - dinomaly:
  Image AUROC: N/A
  Pixel AUROC: N/A
  F1 Score: N/A
  Train Time: N/A
  Inference Time: N/A
  Inference FPS: N/A
  Peak GPU Memory: N/A
  Peak CPU Memory: N/A

toothbrush - dinomaly:
  Image AUROC: N/A
  Pixel AUROC: N/A
  F1 Score: N/A
  Train Time: N/A
  Inference Time: N/A
  Inference FPS: N/A
  Peak GPU Memory: N/A
  Peak CPU Memory: N/A

transistor - dinomaly:
  Image AUROC: N/A
  Pixel AUROC: N/A
  F1 Score: N/A
  Train Time: N/A
  Inference Time: N/A
  Inference FPS: N/A
  Peak GPU Memory: N/A
  Peak CPU Memory: N/A

wood - dinomaly:
  Image AUROC: N/A
  Pixel AUROC: N/A
  F1 Score: N/A
  Train Time: N/A
  Inference Time: N/A
  Inference FPS: N/A
  Peak GPU Memory: N/A
  Peak CPU Memory: N/A

zipper - dinomaly:
  Image AUROC: N/A
  Pixel AUROC: N/A
  F1 Score: N/A
  Train Time: N/A
  Inference Time: N/A
  Inference FPS: N/A
  Peak GPU Memory: N/A
  Peak CPU Memory: N/A

bottle - draem:
  Image AUROC: 0.5000
  Pixel AUROC: 0.4518
  F1 Score: 0.8630
  Train Time: 24m 51.29s
  Inference Time: 7.44s
  Inference FPS: 11.15
  Peak GPU Memory: 1.81 GB
  Peak CPU Memory: 4.56 GB

cable - draem:
  Image AUROC: 0.5000
  Pixel AUROC: 0.4105
  F1 Score: 0.7603
  Train Time: 24m 51.29s
  Inference Time: 15.25s
  Inference FPS: 9.84
  Peak GPU Memory: 774.96 MB
  Peak CPU Memory: 4.48 GB

capsule - draem:
  Image AUROC: 0.3199
  Pixel AUROC: 0.7911
  F1 Score: 0.9046
  Train Time: 24m 51.29s
  Inference Time: 15.85s
  Inference FPS: 8.33
  Peak GPU Memory: 725.20 MB
  Peak CPU Memory: 4.48 GB

carpet - draem:
  Image AUROC: 0.5000
  Pixel AUROC: 0.3560
  F1 Score: 0.8641
  Train Time: 24m 51.29s
  Inference Time: 9.46s
  Inference FPS: 12.37
  Peak GPU Memory: 720.32 MB
  Peak CPU Memory: 4.48 GB

grid - draem:
  Image AUROC: 0.6190
  Pixel AUROC: 0.5005
  F1 Score: 0.8444
  Train Time: 24m 51.29s
  Inference Time: 6.53s
  Inference FPS: 11.94
  Peak GPU Memory: 720.32 MB
  Peak CPU Memory: 4.48 GB

hazelnut - draem:
  Image AUROC: 0.6539
  Pixel AUROC: 0.8680
  F1 Score: 0.7778
  Train Time: 24m 51.29s
  Inference Time: 12.33s
  Inference FPS: 8.92
  Peak GPU Memory: 720.32 MB
  Peak CPU Memory: 4.48 GB

leather - draem:
  Image AUROC: 0.5440
  Pixel AUROC: 0.5472
  F1 Score: 0.8519
  Train Time: 24m 51.29s
  Inference Time: 10.92s
  Inference FPS: 11.35
  Peak GPU Memory: 720.32 MB
  Peak CPU Memory: 4.48 GB

metal_nut - draem:
  Image AUROC: 0.4951
  Pixel AUROC: 0.7166
  F1 Score: 0.8942
  Train Time: 24m 51.29s
  Inference Time: 9.77s
  Inference FPS: 11.77
  Peak GPU Memory: 720.32 MB
  Peak CPU Memory: 4.48 GB

pill - draem:
  Image AUROC: 0.5948
  Pixel AUROC: 0.8292
  F1 Score: 0.9121
  Train Time: 24m 51.29s
  Inference Time: 15.90s
  Inference FPS: 10.51
  Peak GPU Memory: 818.58 MB
  Peak CPU Memory: 4.48 GB

screw - draem:
  Image AUROC: 0.7360
  Pixel AUROC: 0.8851
  F1 Score: 0.8530
  Train Time: 24m 51.29s
  Inference Time: 12.32s
  Inference FPS: 12.99
  Peak GPU Memory: 799.71 MB
  Peak CPU Memory: 4.48 GB

tile - draem:
  Image AUROC: 0.6405
  Pixel AUROC: 0.5237
  F1 Score: 0.8358
  Train Time: 24m 51.29s
  Inference Time: 9.32s
  Inference FPS: 12.55
  Peak GPU Memory: 720.32 MB
  Peak CPU Memory: 4.48 GB

toothbrush - draem:
  Image AUROC: 0.5000
  Pixel AUROC: 0.8778
  F1 Score: 0.8333
  Train Time: 24m 51.29s
  Inference Time: 4.95s
  Inference FPS: 8.48
  Peak GPU Memory: 720.32 MB
  Peak CPU Memory: 4.48 GB

transistor - draem:
  Image AUROC: 0.5000
  Pixel AUROC: 0.4930
  F1 Score: 0.5714
  Train Time: 24m 51.29s
  Inference Time: 11.35s
  Inference FPS: 8.81
  Peak GPU Memory: 720.32 MB
  Peak CPU Memory: 4.48 GB

wood - draem:
  Image AUROC: 0.4917
  Pixel AUROC: 0.6630
  F1 Score: 0.8633
  Train Time: 24m 51.29s
  Inference Time: 9.20s
  Inference FPS: 8.59
  Peak GPU Memory: 720.32 MB
  Peak CPU Memory: 4.48 GB

zipper - draem:
  Image AUROC: 0.5000
  Pixel AUROC: 0.7038
  F1 Score: 0.8815
  Train Time: 24m 51.29s
  Inference Time: 10.54s
  Inference FPS: 14.33
  Peak GPU Memory: 776.24 MB
  Peak CPU Memory: 4.48 GB

bottle - efficientad:
  Image AUROC: N/A
  Pixel AUROC: N/A
  F1 Score: N/A
  Train Time: N/A
  Inference Time: N/A
  Inference FPS: N/A
  Peak GPU Memory: N/A
  Peak CPU Memory: N/A

cable - efficientad:
  Image AUROC: N/A
  Pixel AUROC: N/A
  F1 Score: N/A
  Train Time: N/A
  Inference Time: N/A
  Inference FPS: N/A
  Peak GPU Memory: N/A
  Peak CPU Memory: N/A

capsule - efficientad:
  Image AUROC: N/A
  Pixel AUROC: N/A
  F1 Score: N/A
  Train Time: N/A
  Inference Time: N/A
  Inference FPS: N/A
  Peak GPU Memory: N/A
  Peak CPU Memory: N/A

carpet - efficientad:
  Image AUROC: N/A
  Pixel AUROC: N/A
  F1 Score: N/A
  Train Time: N/A
  Inference Time: N/A
  Inference FPS: N/A
  Peak GPU Memory: N/A
  Peak CPU Memory: N/A

grid - efficientad:
  Image AUROC: N/A
  Pixel AUROC: N/A
  F1 Score: N/A
  Train Time: N/A
  Inference Time: N/A
  Inference FPS: N/A
  Peak GPU Memory: N/A
  Peak CPU Memory: N/A

hazelnut - efficientad:
  Image AUROC: N/A
  Pixel AUROC: N/A
  F1 Score: N/A
  Train Time: N/A
  Inference Time: N/A
  Inference FPS: N/A
  Peak GPU Memory: N/A
  Peak CPU Memory: N/A

leather - efficientad:
  Image AUROC: N/A
  Pixel AUROC: N/A
  F1 Score: N/A
  Train Time: N/A
  Inference Time: N/A
  Inference FPS: N/A
  Peak GPU Memory: N/A
  Peak CPU Memory: N/A

metal_nut - efficientad:
  Image AUROC: N/A
  Pixel AUROC: N/A
  F1 Score: N/A
  Train Time: N/A
  Inference Time: N/A
  Inference FPS: N/A
  Peak GPU Memory: N/A
  Peak CPU Memory: N/A

pill - efficientad:
  Image AUROC: N/A
  Pixel AUROC: N/A
  F1 Score: N/A
  Train Time: N/A
  Inference Time: N/A
  Inference FPS: N/A
  Peak GPU Memory: N/A
  Peak CPU Memory: N/A

screw - efficientad:
  Image AUROC: N/A
  Pixel AUROC: N/A
  F1 Score: N/A
  Train Time: N/A
  Inference Time: N/A
  Inference FPS: N/A
  Peak GPU Memory: N/A
  Peak CPU Memory: N/A

tile - efficientad:
  Image AUROC: N/A
  Pixel AUROC: N/A
  F1 Score: N/A
  Train Time: N/A
  Inference Time: N/A
  Inference FPS: N/A
  Peak GPU Memory: N/A
  Peak CPU Memory: N/A

toothbrush - efficientad:
  Image AUROC: N/A
  Pixel AUROC: N/A
  F1 Score: N/A
  Train Time: N/A
  Inference Time: N/A
  Inference FPS: N/A
  Peak GPU Memory: N/A
  Peak CPU Memory: N/A

transistor - efficientad:
  Image AUROC: N/A
  Pixel AUROC: N/A
  F1 Score: N/A
  Train Time: N/A
  Inference Time: N/A
  Inference FPS: N/A
  Peak GPU Memory: N/A
  Peak CPU Memory: N/A

wood - efficientad:
  Image AUROC: N/A
  Pixel AUROC: N/A
  F1 Score: N/A
  Train Time: N/A
  Inference Time: N/A
  Inference FPS: N/A
  Peak GPU Memory: N/A
  Peak CPU Memory: N/A

zipper - efficientad:
  Image AUROC: N/A
  Pixel AUROC: N/A
  F1 Score: N/A
  Train Time: N/A
  Inference Time: N/A
  Inference FPS: N/A
  Peak GPU Memory: N/A
  Peak CPU Memory: N/A

================================================================================
GLOBAL AVERAGES
================================================================================
  Average Image AUROC: 0.6644
  Average Pixel AUROC: 0.7528
  Average F1 Score: 0.8368
  Average Train Time: 15m 14.55s
  Average Inference Time: 10.31s
  Average Inference FPS: 11.31
  Average Peak GPU Memory: 593.21 MB
  Average Peak CPU Memory: 3.66 GB

Results saved to: mvtec_results_train_together.csv
Done.
