/home/ensta/ensta-maria-fernanda.pereira/anomaly_detection/venv/lib/python3.12/site-packages/timm/models/layers/__init__.py:48: FutureWarning: Importing from timm.models.layers is deprecated, please import via timm.layers
  warnings.warn(f"Importing from {__name__} is deprecated, please import via timm.layers", FutureWarning)
GPU available: True (cuda), used: True
TPU available: False, using: 0 TPU cores
/home/ensta/ensta-maria-fernanda.pereira/anomaly_detection/venv/lib/python3.12/site-packages/lightning/pytorch/trainer/configuration_validator.py:70: You defined a `validation_step` but have no `val_dataloader`. Skipping val loop.
LOCAL_RANK: 0 - CUDA_VISIBLE_DEVICES: [0]
/home/ensta/ensta-maria-fernanda.pereira/anomaly_detection/venv/lib/python3.12/site-packages/lightning/pytorch/core/optimizer.py:183: `LightningModule.configure_optimizers` returned `None`, this fit will run with no optimizer
SLURM auto-requeueing enabled. Setting signal handlers.
Traceback (most recent call last):
  File "/home/ensta/ensta-maria-fernanda.pereira/anomaly_detection/venv/lib/python3.12/site-packages/lightning/pytorch/trainer/connectors/data_connector.py", line 395, in _check_dataloader_iterable
    iter(dataloader)  # type: ignore[call-overload]
    ^^^^^^^^^^^^^^^^
TypeError: 'MultiCategoryMVTecAD' object is not iterable

During handling of the above exception, another exception occurred:

Traceback (most recent call last):
  File "/home/ensta/ensta-maria-fernanda.pereira/anomaly_detection/testbench.py", line 357, in run_testbench_train_together
    engine.fit(model, multi_dm)
  File "/home/ensta/ensta-maria-fernanda.pereira/anomaly_detection/venv/lib/python3.12/site-packages/anomalib/engine/engine.py", line 412, in fit
    self.trainer.fit(model, train_dataloaders, val_dataloaders, datamodule, ckpt_path)
  File "/home/ensta/ensta-maria-fernanda.pereira/anomaly_detection/venv/lib/python3.12/site-packages/lightning/pytorch/trainer/trainer.py", line 584, in fit
    call._call_and_handle_interrupt(
  File "/home/ensta/ensta-maria-fernanda.pereira/anomaly_detection/venv/lib/python3.12/site-packages/lightning/pytorch/trainer/call.py", line 49, in _call_and_handle_interrupt
    return trainer_fn(*args, **kwargs)
           ^^^^^^^^^^^^^^^^^^^^^^^^^^^
  File "/home/ensta/ensta-maria-fernanda.pereira/anomaly_detection/venv/lib/python3.12/site-packages/lightning/pytorch/trainer/trainer.py", line 630, in _fit_impl
    self._run(model, ckpt_path=ckpt_path, weights_only=weights_only)
  File "/home/ensta/ensta-maria-fernanda.pereira/anomaly_detection/venv/lib/python3.12/site-packages/lightning/pytorch/trainer/trainer.py", line 1079, in _run
    results = self._run_stage()
              ^^^^^^^^^^^^^^^^^
  File "/home/ensta/ensta-maria-fernanda.pereira/anomaly_detection/venv/lib/python3.12/site-packages/lightning/pytorch/trainer/trainer.py", line 1123, in _run_stage
    self.fit_loop.run()
  File "/home/ensta/ensta-maria-fernanda.pereira/anomaly_detection/venv/lib/python3.12/site-packages/lightning/pytorch/loops/fit_loop.py", line 209, in run
    self.setup_data()
  File "/home/ensta/ensta-maria-fernanda.pereira/anomaly_detection/venv/lib/python3.12/site-packages/lightning/pytorch/loops/fit_loop.py", line 253, in setup_data
    _check_dataloader_iterable(dl, source, trainer_fn)
  File "/home/ensta/ensta-maria-fernanda.pereira/anomaly_detection/venv/lib/python3.12/site-packages/lightning/pytorch/trainer/connectors/data_connector.py", line 400, in _check_dataloader_iterable
    raise TypeError(
TypeError: An invalid dataloader was passed to `Trainer.fit(train_dataloaders=...)`. Found <data_utils_multi.MultiCategoryMVTecAD object at 0x7903e4c17c80>.
